// Jest Snapshot v1, https://goo.gl/fbAQLP

exports[`__interactive 1`] = `
<DocumentFragment>
  <a
    class="socialLink"
    href="https://www.facebook.com/"
    rel="noopener noreferrer"
    target="_blank"
  >
    <test-file-stub />
  </a>
</DocumentFragment>
`;
